
> skillantra@0.1.0 build
> next build

node.exe : 
[baseline-browser-mapping] 
The data in this module is 
over two months old.  To 
ensure accurate Baseline 
data, please update: `npm i b
aseline-browser-mapping@lates
t -D`
At line:1 char:1
+ & "C:\Program 
Files\nodejs/node.exe" 
"C:\Program 
Files\nodejs/node_mo ...
+ ~~~~~~~~~~~~~~~~~~~~~~~~~~~
~~~~~~~~~~~~~~~~~~~~~~~~~~~~~
~~~~~~~~~~~~~
    + CategoryInfo           
   : NotSpecified: ([baseli  
  ne-brows...ping@latest -   
 D`:String) [], RemoteExc    
eption
    + FullyQualifiedErrorId  
   : NativeCommandError
 
   Γû▓ Next.js 16.0.10 (Turbopack)
   - Environments: .env.local

   Creating an optimized production build ...
[baseline-browser-mapping] 
The data in this module is 
over two months old.  To 
ensure accurate Baseline 
data, please update: `npm i b
aseline-browser-mapping@lates
t -D`

> Build error occurred
Error: Turbopack build 
failed with 32 errors:
./src/app/(app)/complete-prof
ile/page.tsx:19:9
Ecmascript file had an error
[0m [90m 17 |[39m
 [90m 18 |[39m   
[36mconst[39m searchParams 
[33m=[39m 
useSearchParams()[33m;[39m
[31m[1m>[22m[39m[90m 19 
|[39m   [36mconst[39m 
isDemo [33m=[39m searchPara
ms[33m?[39m[33m.[39m[36m
get[39m([32m'demo'[39m) 
[33m===[39m 
[32m'true'[39m[33m;[39m
 [90m    |[39m         [31
m[1m^[22m[39m[31m[1m^[2
2m[39m[31m[1m^[22m[39m[
31m[1m^[22m[39m[31m[1m^
[22m[39m[31m[1m^[22m[39m
 [90m 20 |[39m   
[36mconst[39m isSetup 
[33m=[39m searchParams[33m
?[39m[33m.[39m[36mget[39
m([32m'setup'[39m) 
[33m===[39m 
[32m'true'[39m[33m;[39m
 [90m 21 |[39m   
[36mconst[39m 
phoneRequired [33m=[39m sea
rchParams[33m?[39m[33m.[3
9m[36mget[39m([32m'phone_r
equired'[39m) [33m===[39m 
[32m'true'[39m[33m;[39m
 [90m 22 |[39m   
[36mconst[39m 
[profile[33m,[39m 
setProfile] [33m=[39m useSt
ate[33m<[39m[33many[39m[
33m>[39m([36mnull[39m)[33
m;[39m[0m

the name `isDemo` is defined 
multiple times

Import traces:
  Client Component Browser:
    ./src/app/(app)/complete-
profile/page.tsx [Client 
Component Browser]
    ./src/app/(app)/complete-
profile/page.tsx [Server 
Component]

  Client Component SSR:
    ./src/app/(app)/complete-
profile/page.tsx [Client 
Component SSR]
    ./src/app/(app)/complete-
profile/page.tsx [Server 
Component]


./src/app/(app)/internships/n
ew/page.tsx:38:11
Ecmascript file had an error
[0m [90m 36 |[39m   requir
e([32m'react'[39m)[33m.[3
9museEffect(() [33m=>[39m 
{ [36mif[39m(isDemo) { requ
ire([32m'@/lib/utils/toast'
[39m)[33m.[39mshowToast([3
2m'Please sign in to access 
this 
feature'[39m[33m,[39m [32
m'warning'[39m)[33m;[39m r
outer[33m.[39mpush([32m'/l
ogin'[39m)[33m;[39m } 
}[33m,[39m 
[isDemo])[33m;[39m
 [90m 37 |[39m
[31m[1m>[22m[39m[90m 38 
|[39m     [36mconst[39m 
router [33m=[39m 
useRouter()[33m;[39m
 [90m    |[39m           [
31m[1m^[22m[39m[31m[1m^
[22m[39m[31m[1m^[22m[39m
[31m[1m^[22m[39m[31m[1m
^[22m[39m[31m[1m^[22m[3
9m
 [90m 39 |[39m     
[36mconst[39m 
[loading[33m,[39m 
setLoading] [33m=[39m useSt
ate([36mtrue[39m)[33m;[39
m
 [90m 40 |[39m     
[36mconst[39m 
[submitting[33m,[39m 
setSubmitting] [33m=[39m us
eState([36mfalse[39m)[33m;
[39m
 [90m 41 |[39m     
[36mconst[39m 
[error[33m,[39m setError] 
[33m=[39m useState([32m''
[39m)[33m;[39m[0m

the name `router` is defined 
multiple times

Import traces:
  Client Component Browser:
    ./src/app/(app)/internshi
ps/new/page.tsx [Client 
Component Browser]
    ./src/app/(app)/internshi
ps/new/page.tsx [Server 
Component]

  Client Component SSR:
    ./src/app/(app)/internshi
ps/new/page.tsx [Client 
Component SSR]
    ./src/app/(app)/internshi
ps/new/page.tsx [Server 
Component]


./src/app/(app)/messages/page
.tsx:48:9
Ecmascript file had an error
[0m [90m 46 |[39m
 [90m 47 |[39m   
[36mconst[39m searchParams 
[33m=[39m 
useSearchParams()[33m;[39m
[31m[1m>[22m[39m[90m 48 
|[39m   [36mconst[39m 
isDemo [33m=[39m searchPara
ms[33m?[39m[33m.[39m[36m
get[39m([32m'demo'[39m) 
[33m===[39m 
[32m'true'[39m[33m;[39m
 [90m    |[39m         [31
m[1m^[22m[39m[31m[1m^[2
2m[39m[31m[1m^[22m[39m[
31m[1m^[22m[39m[31m[1m^
[22m[39m[31m[1m^[22m[39m
 [90m 49 |[39m   
[36mconst[39m supabase 
[33m=[39m 
createClient()[33m;[39m
 [90m 50 |[39m
 [90m 51 |[39m   
[36mconst[39m 
[conversations[33m,[39m 
setConversations] 
[33m=[39m useState[33m<[3
9m[33mConversation[39m[][3
3m>[39m([])[33m;[39m[0m

the name `isDemo` is defined 
multiple times

Import traces:
  Client Component Browser:
    ./src/app/(app)/messages/
page.tsx [Client Component 
Browser]
    ./src/app/(app)/messages/
page.tsx [Server Component]

  Client Component SSR:
    ./src/app/(app)/messages/
page.tsx [Client Component 
SSR]
    ./src/app/(app)/messages/
page.tsx [Server Component]


./src/app/(app)/settings/page
.tsx:42:9
Ecmascript file had an error
[0m [90m 40 |[39m
 [90m 41 |[39m   
[36mconst[39m 
resolvedSearchParams 
[33m=[39m searchParams 
[36minstanceof[39m 
[33mPromise[39m 
[33m?[39m [36mawait[39m 
searchParams [33m:[39m 
searchParams[33m;[39m
[31m[1m>[22m[39m[90m 42 
|[39m   [36mconst[39m 
isDemo [33m=[39m resolvedSe
archParams[33m?[39m[33m.[
39mdemo [33m===[39m 
[32m'true'[39m[33m;[39m
 [90m    |[39m         [31
m[1m^[22m[39m[31m[1m^[2
2m[39m[31m[1m^[22m[39m[
31m[1m^[22m[39m[31m[1m^
[22m[39m[31m[1m^[22m[39m
 [90m 43 |[39m
 [90m 44 |[39m   
[36mif[39m (isDemo) {
 [90m 45 |[39m     
[36mreturn[39m ([0m

the name `isDemo` is defined 
multiple times


./src/app/api/auth/delete-acc
ount/route.ts:41:15
Ecmascript file had an error
[0m [90m 39 |[39m     
[90m// Users should be able 
to delete their account 
regardless of confirmation 
status[39m
 [90m 40 |[39m     
[36mconst[39m {
[31m[1m>[22m[39m[90m 41 
|[39m       data[33m:[39m 
{ user }[33m,[39m
 [90m    |[39m             
  [31m[1m^[22m[39m[31m[
1m^[22m[39m[31m[1m^[22m
[39m[31m[1m^[22m[39m
 [90m 42 |[39m       
error[33m:[39m 
authError[33m,[39m
 [90m 43 |[39m     } 
[33m=[39m [36mawait[39m s
upabase[33m.[39mauth[33m.
[39mgetUser()[33m;[39m
 [90m 44 |[39m[0m

the name `user` is defined 
multiple times


./src/app/api/collaborate/pos
ts/route.ts:78:17
Ecmascript file had an error
[0m [90m 76 |[39m
 [90m 77 |[39m     
[36mconst[39m {
[31m[1m>[22m[39m[90m 78 
|[39m         
data[33m:[39m { user 
}[33m,[39m
 [90m    |[39m             
    [31m[1m^[22m[39m[31m
[1m^[22m[39m[31m[1m^[22
m[39m[31m[1m^[22m[39m
 [90m 79 |[39m         
error[33m:[39m 
authError[33m,[39m
 [90m 80 |[39m     } 
[33m=[39m [36mawait[39m s
upabase[33m.[39mauth[33m.
[39mgetUser()[33m;[39m
 [90m 81 |[39m[0m

the name `user` is defined 
multiple times


./src/app/api/collaborate/req
uest/route.ts:15:17
Ecmascript file had an error
[0m [90m 13 |[39m
 [90m 14 |[39m     
[36mconst[39m {
[31m[1m>[22m[39m[90m 15 
|[39m         
data[33m:[39m { user 
}[33m,[39m
 [90m    |[39m             
    [31m[1m^[22m[39m[31m
[1m^[22m[39m[31m[1m^[22
m[39m[31m[1m^[22m[39m
 [90m 16 |[39m         
error[33m:[39m 
authError[33m,[39m
 [90m 17 |[39m     } 
[33m=[39m [36mawait[39m s
upabase[33m.[39mauth[33m.
[39mgetUser()[33m;[39m
 [90m 18 |[39m[0m

the name `user` is defined 
multiple times


./src/app/api/conversations/r
oute.ts:15:17
Ecmascript file had an error
[0m [90m 13 |[39m
 [90m 14 |[39m     
[36mconst[39m {
[31m[1m>[22m[39m[90m 15 
|[39m         
data[33m:[39m { user 
}[33m,[39m
 [90m    |[39m             
    [31m[1m^[22m[39m[31m
[1m^[22m[39m[31m[1m^[22
m[39m[31m[1m^[22m[39m
 [90m 16 |[39m         
error[33m:[39m 
authError[33m,[39m
 [90m 17 |[39m     } 
[33m=[39m [36mawait[39m s
upabase[33m.[39mauth[33m.
[39mgetUser()[33m;[39m
 [90m 18 |[39m[0m

the name `user` is defined 
multiple times


./src/app/api/internship-appl
ications/route.ts:17:21
Ecmascript file had an error
[0m [90m 15 |[39m   }
 [90m 16 |[39m
[31m[1m>[22m[39m[90m 17 
|[39m     [36mconst[39m { 
data[33m:[39m { user 
}[33m,[39m 
error[33m:[39m authError } 
[33m=[39m [36mawait[39m s
upabase[33m.[39mauth[33m.
[39mgetUser()[33m;[39m
 [90m    |[39m             
        [31m[1m^[22m[39m
[31m[1m^[22m[39m[31m[1m^
[22m[39m[31m[1m^[22m[39
m
 [90m 18 |[39m     
[36mif[39m (authError 
[33m||[39m 
[33m![39muser) {
 [90m 19 |[39m         
[36mreturn[39m [33mNextRes
ponse[39m[33m.[39mjson({ 
error[33m:[39m 
[32m'Unauthorized'[39m 
}[33m,[39m { 
status[33m:[39m 
[35m401[39m })[33m;[39m
 [90m 20 |[39m     }[0m

the name `user` is defined 
multiple times


./src/app/api/internships/rou
te.ts:163:21
Ecmascript file had an error
[0m [90m 161 |[39m   }
 [90m 162 |[39m
[31m[1m>[22m[39m[90m 
163 |[39m     
[36mconst[39m { 
data[33m:[39m { user 
}[33m,[39m 
error[33m:[39m authError } 
[33m=[39m [36mawait[39m s
upabase[33m.[39mauth[33m.
[39mgetUser()[33m;[39m
 [90m     |[39m            
         [31m[1m^[22m[39m
[31m[1m^[22m[39m[31m[1m
^[22m[39m[31m[1m^[22m[3
9m
 [90m 164 |[39m     
[36mif[39m (authError 
[33m||[39m 
[33m![39muser) {
 [90m 165 |[39m         
[36mreturn[39m [33mNextRes
ponse[39m[33m.[39mjson({ 
error[33m:[39m 
[32m'Unauthorized'[39m 
}[33m,[39m { 
status[33m:[39m 
[35m401[39m })[33m;[39m
 [90m 166 |[39m     }[0m

the name `user` is defined 
multiple times


./src/app/api/messages/route.
ts:15:17
Ecmascript file had an error
[0m [90m 13 |[39m     
[90m// 1. Authenticate 
Request[39m
 [90m 14 |[39m     
[36mconst[39m {
[31m[1m>[22m[39m[90m 15 
|[39m         
data[33m:[39m { user 
}[33m,[39m
 [90m    |[39m             
    [31m[1m^[22m[39m[31m
[1m^[22m[39m[31m[1m^[22
m[39m[31m[1m^[22m[39m
 [90m 16 |[39m         
error[33m:[39m 
authError[33m,[39m
 [90m 17 |[39m     } 
[33m=[39m [36mawait[39m s
upabase[33m.[39mauth[33m.
[39mgetUser()[33m;[39m
 [90m 18 |[39m[0m

the name `user` is defined 
multiple times


./src/app/api/notifications/m
ark-read/route.ts:14:21
Ecmascript file had an error
[0m [90m 12 |[39m   }
 [90m 13 |[39m
[31m[1m>[22m[39m[90m 14 
|[39m     [36mconst[39m { 
data[33m:[39m { user 
}[33m,[39m 
error[33m:[39m authError } 
[33m=[39m [36mawait[39m s
upabase[33m.[39mauth[33m.
[39mgetUser()[33m;[39m
 [90m    |[39m             
        [31m[1m^[22m[39m
[31m[1m^[22m[39m[31m[1m^
[22m[39m[31m[1m^[22m[39
m
 [90m 15 |[39m     
[36mif[39m (authError 
[33m||[39m 
[33m![39muser) {
 [90m 16 |[39m         
[36mreturn[39m [33mNextRes
ponse[39m[33m.[39mjson({ 
error[33m:[39m 
[32m'Unauthorized'[39m 
}[33m,[39m { 
status[33m:[39m 
[35m401[39m })[33m;[39m
 [90m 17 |[39m     }[0m

the name `user` is defined 
multiple times


./src/app/api/payments/create
-order/route.ts:18:17
Ecmascript file had an error
[0m [90m 16 |[39m     
[90m// 1. Authenticate 
user[39m
 [90m 17 |[39m     
[36mconst[39m {
[31m[1m>[22m[39m[90m 18 
|[39m         
data[33m:[39m { user 
}[33m,[39m
 [90m    |[39m             
    [31m[1m^[22m[39m[31m
[1m^[22m[39m[31m[1m^[22
m[39m[31m[1m^[22m[39m
 [90m 19 |[39m         
error[33m:[39m 
authError[33m,[39m
 [90m 20 |[39m     } 
[33m=[39m [36mawait[39m s
upabase[33m.[39mauth[33m.
[39mgetUser()[33m;[39m
 [90m 21 |[39m[0m

the name `user` is defined 
multiple times


./src/app/api/profile/route.t
s:100:13
Ecmascript file had an error
[0m [90m  98 |[39m
 [90m  99 |[39m   
[36mconst[39m {
[31m[1m>[22m[39m[90m 
100 |[39m     
data[33m:[39m { user 
}[33m,[39m
 [90m     |[39m            
 [31m[1m^[22m[39m[31m[1
m^[22m[39m[31m[1m^[22m[
39m[31m[1m^[22m[39m
 [90m 101 |[39m     
error[33m:[39m 
authError[33m,[39m
 [90m 102 |[39m   } 
[33m=[39m [36mawait[39m s
upabase[33m.[39mauth[33m.
[39mgetUser()[33m;[39m
 [90m 103 |[39m[0m

the name `user` is defined 
multiple times


./src/app/api/profile/route.t
s:349:15
Ecmascript file had an error
[0m [90m 347 |[39m     
[90m// Get current user - 
allow delete even if email 
not confirmed[39m
 [90m 348 |[39m     
[36mconst[39m {
[31m[1m>[22m[39m[90m 
349 |[39m       
data[33m:[39m { user 
}[33m,[39m
 [90m     |[39m            
   [31m[1m^[22m[39m[31m
[1m^[22m[39m[31m[1m^[22m
[39m[31m[1m^[22m[39m
 [90m 350 |[39m       
error[33m:[39m 
authError[33m,[39m
 [90m 351 |[39m     } 
[33m=[39m [36mawait[39m s
upabase[33m.[39mauth[33m.
[39mgetUser()[33m;[39m
 [90m 352 |[39m[0m

the name `user` is defined 
multiple times


./src/app/api/requests/route.
ts:15:13
Ecmascript file had an error
[0m [90m 13 |[39m
 [90m 14 |[39m   
[36mconst[39m {
[31m[1m>[22m[39m[90m 15 
|[39m     data[33m:[39m { 
user }[33m,[39m
 [90m    |[39m             
[31m[1m^[22m[39m[31m[1m
^[22m[39m[31m[1m^[22m[3
9m[31m[1m^[22m[39m
 [90m 16 |[39m     
error[33m:[39m 
authError[33m,[39m
 [90m 17 |[39m   } 
[33m=[39m [36mawait[39m s
upabase[33m.[39mauth[33m.
[39mgetUser()[33m;[39m
 [90m 18 |[39m[0m

the name `user` is defined 
multiple times


./src/app/api/requests/route.
ts:108:13
Ecmascript file had an error
[0m [90m 106 |[39m
 [90m 107 |[39m   
[36mconst[39m {
[31m[1m>[22m[39m[90m 
108 |[39m     
data[33m:[39m { user 
}[33m,[39m
 [90m     |[39m            
 [31m[1m^[22m[39m[31m[1
m^[22m[39m[31m[1m^[22m[
39m[31m[1m^[22m[39m
 [90m 109 |[39m     
error[33m:[39m 
authError[33m,[39m
 [90m 110 |[39m   } 
[33m=[39m [36mawait[39m s
upabase[33m.[39mauth[33m.
[39mgetUser()[33m;[39m
 [90m 111 |[39m[0m

the name `user` is defined 
multiple times


./src/app/api/resume/route.ts
:42:21
Ecmascript file had an error
[0m [90m 40 |[39m   }
 [90m 41 |[39m
[31m[1m>[22m[39m[90m 42 
|[39m     [36mconst[39m { 
data[33m:[39m { user 
}[33m,[39m 
error[33m:[39m authError } 
[33m=[39m [36mawait[39m s
upabase[33m.[39mauth[33m.
[39mgetUser()[33m;[39m
 [90m    |[39m             
        [31m[1m^[22m[39m
[31m[1m^[22m[39m[31m[1m^
[22m[39m[31m[1m^[22m[39
m
 [90m 43 |[39m     
[36mif[39m (authError 
[33m||[39m 
[33m![39muser) {
 [90m 44 |[39m         
[36mreturn[39m [33mNextRes
ponse[39m[33m.[39mjson({ 
error[33m:[39m 
[32m'Unauthorized'[39m 
}[33m,[39m { 
status[33m:[39m 
[35m401[39m })[33m;[39m
 [90m 45 |[39m     }[0m

the name `user` is defined 
multiple times


./src/app/api/resume/route.ts
:114:21
Ecmascript file had an error
[0m [90m 112 |[39m   }
 [90m 113 |[39m
[31m[1m>[22m[39m[90m 
114 |[39m     
[36mconst[39m { 
data[33m:[39m { user 
}[33m,[39m 
error[33m:[39m authError } 
[33m=[39m [36mawait[39m s
upabase[33m.[39mauth[33m.
[39mgetUser()[33m;[39m
 [90m     |[39m            
         [31m[1m^[22m[39m
[31m[1m^[22m[39m[31m[1m
^[22m[39m[31m[1m^[22m[3
9m
 [90m 115 |[39m     
[36mif[39m (authError 
[33m||[39m 
[33m![39muser) {
 [90m 116 |[39m         
[36mreturn[39m [33mNextRes
ponse[39m[33m.[39mjson({ 
error[33m:[39m 
[32m'Unauthorized'[39m 
}[33m,[39m { 
status[33m:[39m 
[35m401[39m })[33m;[39m
 [90m 117 |[39m     }[0m

the name `user` is defined 
multiple times


./src/app/api/tasks/route.ts:
108:13
Ecmascript file had an error
[0m [90m 106 |[39m
 [90m 107 |[39m   
[36mconst[39m {
[31m[1m>[22m[39m[90m 
108 |[39m     
data[33m:[39m { user 
}[33m,[39m
 [90m     |[39m            
 [31m[1m^[22m[39m[31m[1
m^[22m[39m[31m[1m^[22m[
39m[31m[1m^[22m[39m
 [90m 109 |[39m     
error[33m:[39m 
authError[33m,[39m
 [90m 110 |[39m   } 
[33m=[39m [36mawait[39m s
upabase[33m.[39mauth[33m.
[39mgetUser()[33m;[39m
 [90m 111 |[39m[0m

the name `user` is defined 
multiple times


./src/app/api/collaborate/req
uests/[id]/route.ts:9:9
Parsing ecmascript source 
code failed
[0m [90m  7 |[39m     {
 [90m  8 |[39m   [90m// 
Import added manually by 
Demo script[39m
[31m[1m>[22m[39m[90m  9 
|[39m   [36mconst[39m { 
createClient } [33m=[39m 
[36mawait[39m [36mimport[
39m([32m'@/lib/supabase/serv
er'[39m)[33m.[39m[36mcatc
h[39m(() [33m=>[39m ({ 
createClient[33m:[39m 
[36mnull[39m }))[33m;[39m
 [90m    |[39m         
[31m[1m^[22m[39m
 [90m 10 |[39m   
[36mconst[39m supabase 
[33m=[39m createClient 
[33m?[39m [36mawait[39m 
createClient() [33m:[39m 
[36mnull[39m[33m;[39m
 [90m 11 |[39m   
[36mif[39m (supabase) { 
 [90m 12 |[39m   
[36mconst[39m { 
data[33m:[39m { user 
}[33m,[39m 
error[33m:[39m __authError 
} [33m=[39m 
[36mawait[39m supabase[33m
.[39mauth[33m.[39mgetUser(
)[33m;[39m[0m

Expected ',', got '{'


./src/app/api/conversations/[
id]/messages/route.ts:87:11
Parsing ecmascript source 
code failed
[0m [90m 85 |[39m     
request[33m:[39m 
[33mRequest[39m[33m,[39m
 [90m 86 |[39m     {
[31m[1m>[22m[39m[90m 87 
|[39m     [36mconst[39m 
supabase [33m=[39m 
[36mawait[39m 
createClient()[33m;[39m
 [90m    |[39m           [
31m[1m^[22m[39m[31m[1m^
[22m[39m[31m[1m^[22m[39m
[31m[1m^[22m[39m[31m[1m
^[22m[39m[31m[1m^[22m[3
9m[31m[1m^[22m[39m[31m[
1m^[22m[39m
 [90m 88 |[39m
 [90m 89 |[39m   
[36mconst[39m { 
data[33m:[39m { user 
}[33m,[39m 
error[33m:[39m __authError 
} [33m=[39m 
[36mawait[39m supabase[33m
.[39mauth[33m.[39mgetUser(
)[33m;[39m
 [90m 90 |[39m   
[36mif[39m 
([33m![39muser 
[33m||[39m __authError) 
{[0m

Expected ',', got 'supabase'


./src/app/api/conversations/[
id]/route.ts:7:11
Parsing ecmascript source 
code failed
[0m [90m  5 |[39m     
request[33m:[39m 
[33mRequest[39m[33m,[39m
 [90m  6 |[39m     {
[31m[1m>[22m[39m[90m  7 
|[39m     [36mconst[39m 
supabase [33m=[39m 
[36mawait[39m 
createClient()[33m;[39m
 [90m    |[39m           [
31m[1m^[22m[39m[31m[1m^
[22m[39m[31m[1m^[22m[39m
[31m[1m^[22m[39m[31m[1m
^[22m[39m[31m[1m^[22m[3
9m[31m[1m^[22m[39m[31m[
1m^[22m[39m
 [90m  8 |[39m
 [90m  9 |[39m   
[36mconst[39m { 
data[33m:[39m { user 
}[33m,[39m 
error[33m:[39m __authError 
} [33m=[39m 
[36mawait[39m supabase[33m
.[39mauth[33m.[39mgetUser(
)[33m;[39m
 [90m 10 |[39m   
[36mif[39m 
([33m![39muser 
[33m||[39m __authError) 
{[0m

Expected ',', got 'supabase'


./src/app/api/internship-appl
ications/[id]/route.ts:11:9
Parsing ecmascript source 
code failed
[0m [90m  9 |[39m     {
 [90m 10 |[39m   [90m// 
Import added manually by 
Demo script[39m
[31m[1m>[22m[39m[90m 11 
|[39m   [36mconst[39m { 
createClient } [33m=[39m 
[36mawait[39m [36mimport[
39m([32m'@/lib/supabase/serv
er'[39m)[33m.[39m[36mcatc
h[39m(() [33m=>[39m ({ 
createClient[33m:[39m 
[36mnull[39m }))[33m;[39m
 [90m    |[39m         
[31m[1m^[22m[39m
 [90m 12 |[39m   
[36mconst[39m supabase 
[33m=[39m createClient 
[33m?[39m [36mawait[39m 
createClient() [33m:[39m 
[36mnull[39m[33m;[39m
 [90m 13 |[39m   
[36mif[39m (supabase) { 
 [90m 14 |[39m   
[36mconst[39m { 
data[33m:[39m { user 
}[33m,[39m 
error[33m:[39m __authError 
} [33m=[39m 
[36mawait[39m supabase[33m
.[39mauth[33m.[39mgetUser(
)[33m;[39m[0m

Expected ',', got '{'


./src/app/api/internships/[id
]/applicants/[appId]/completi
on-letter/route.ts:10:9
Parsing ecmascript source 
code failed
[0m [90m  8 |[39m     {
 [90m  9 |[39m   [90m// 
Import added manually by 
Demo script[39m
[31m[1m>[22m[39m[90m 10 
|[39m   [36mconst[39m { 
createClient } [33m=[39m 
[36mawait[39m [36mimport[
39m([32m'@/lib/supabase/serv
er'[39m)[33m.[39m[36mcatc
h[39m(() [33m=>[39m ({ 
createClient[33m:[39m 
[36mnull[39m }))[33m;[39m
 [90m    |[39m         
[31m[1m^[22m[39m
 [90m 11 |[39m   
[36mconst[39m supabase 
[33m=[39m createClient 
[33m?[39m [36mawait[39m 
createClient() [33m:[39m 
[36mnull[39m[33m;[39m
 [90m 12 |[39m   
[36mif[39m (supabase) { 
 [90m 13 |[39m   
[36mconst[39m { 
data[33m:[39m { user 
}[33m,[39m 
error[33m:[39m __authError 
} [33m=[39m 
[36mawait[39m supabase[33m
.[39mauth[33m.[39mgetUser(
)[33m;[39m[0m

Expected ',', got '{'


./src/app/api/internships/[id
]/applicants/[appId]/offer-le
tter/route.ts:12:9
Parsing ecmascript source 
code failed
[0m [90m 10 |[39m     {
 [90m 11 |[39m   [90m// 
Import added manually by 
Demo script[39m
[31m[1m>[22m[39m[90m 12 
|[39m   [36mconst[39m { 
createClient } [33m=[39m 
[36mawait[39m [36mimport[
39m([32m'@/lib/supabase/serv
er'[39m)[33m.[39m[36mcatc
h[39m(() [33m=>[39m ({ 
createClient[33m:[39m 
[36mnull[39m }))[33m;[39m
 [90m    |[39m         
[31m[1m^[22m[39m
 [90m 13 |[39m   
[36mconst[39m supabase 
[33m=[39m createClient 
[33m?[39m [36mawait[39m 
createClient() [33m:[39m 
[36mnull[39m[33m;[39m
 [90m 14 |[39m   
[36mif[39m (supabase) { 
 [90m 15 |[39m   
[36mconst[39m { 
data[33m:[39m { user 
}[33m,[39m 
error[33m:[39m __authError 
} [33m=[39m 
[36mawait[39m supabase[33m
.[39mauth[33m.[39mgetUser(
)[33m;[39m[0m

Expected ',', got '{'


./src/app/api/internships/[id
]/applicants/[appId]/route.ts
:12:9
Parsing ecmascript source 
code failed
[0m [90m 10 |[39m     {
 [90m 11 |[39m   [90m// 
Import added manually by 
Demo script[39m
[31m[1m>[22m[39m[90m 12 
|[39m   [36mconst[39m { 
createClient } [33m=[39m 
[36mawait[39m [36mimport[
39m([32m'@/lib/supabase/serv
er'[39m)[33m.[39m[36mcatc
h[39m(() [33m=>[39m ({ 
createClient[33m:[39m 
[36mnull[39m }))[33m;[39m
 [90m    |[39m         
[31m[1m^[22m[39m
 [90m 13 |[39m   
[36mconst[39m supabase 
[33m=[39m createClient 
[33m?[39m [36mawait[39m 
createClient() [33m:[39m 
[36mnull[39m[33m;[39m
 [90m 14 |[39m   
[36mif[39m (supabase) { 
 [90m 15 |[39m   
[36mconst[39m { 
data[33m:[39m { user 
}[33m,[39m 
error[33m:[39m __authError 
} [33m=[39m 
[36mawait[39m supabase[33m
.[39mauth[33m.[39mgetUser(
)[33m;[39m[0m

Expected ',', got '{'


./src/app/api/internships/[id
]/route.ts:117:9
Parsing ecmascript source 
code failed
[0m [90m 115 |[39m     {
 [90m 116 |[39m   [90m// 
Import added manually by 
Demo script[39m
[31m[1m>[22m[39m[90m 
117 |[39m   [36mconst[39m 
{ createClient } [33m=[39m 
[36mawait[39m [36mimport[
39m([32m'@/lib/supabase/serv
er'[39m)[33m.[39m[36mcatc
h[39m(() [33m=>[39m ({ 
createClient[33m:[39m 
[36mnull[39m }))[33m;[39m
 [90m     |[39m         
[31m[1m^[22m[39m
 [90m 118 |[39m   
[36mconst[39m supabase 
[33m=[39m createClient 
[33m?[39m [36mawait[39m 
createClient() [33m:[39m 
[36mnull[39m[33m;[39m
 [90m 119 |[39m   
[36mif[39m (supabase) { 
 [90m 120 |[39m   
[36mconst[39m { 
data[33m:[39m { user 
}[33m,[39m 
error[33m:[39m __authError 
} [33m=[39m 
[36mawait[39m supabase[33m
.[39mauth[33m.[39mgetUser(
)[33m;[39m[0m

Expected ',', got '{'


./src/app/api/tasks/[id]/rout
e.ts:95:9
Parsing ecmascript source 
code failed
[0m [90m 93 |[39m   
request[33m:[39m 
[33mRequest[39m[33m,[39m
 [90m 94 |[39m   {
[31m[1m>[22m[39m[90m 95 
|[39m   [36mconst[39m 
supabase [33m=[39m 
[36mawait[39m 
createClient()[33m;[39m
 [90m    |[39m         [31
m[1m^[22m[39m[31m[1m^[2
2m[39m[31m[1m^[22m[39m[
31m[1m^[22m[39m[31m[1m^
[22m[39m[31m[1m^[22m[39m
[31m[1m^[22m[39m[31m[1m
^[22m[39m
 [90m 96 |[39m
 [90m 97 |[39m   
[36mconst[39m { 
data[33m:[39m { user 
}[33m,[39m 
error[33m:[39m __authError 
} [33m=[39m 
[36mawait[39m supabase[33m
.[39mauth[33m.[39mgetUser(
)[33m;[39m
 [90m 98 |[39m   
[36mif[39m 
([33m![39muser 
[33m||[39m __authError) 
{[0m

Expected ',', got 'supabase'


./src/components/AuthForm.tsx
:173:7
Parsing ecmascript source 
code failed
[0m [90m 171 |[39m        
       parseError
 [90m 172 |[39m            
 
[31m[1m>[22m[39m[90m 
173 |[39m       
showToast([32m'Something 
went wrong. Please try 
again.'[39m[33m,[39m 
[32m'error'[39m)[33m;[39m
 [90m     |[39m       [31m
[1m^[22m[39m[31m[1m^[22
m[39m[31m[1m^[22m[39m[3
1m[1m^[22m[39m[31m[1m^[
22m[39m[31m[1m^[22m[39m
[31m[1m^[22m[39m[31m[1m^
[22m[39m[31m[1m^[22m[39
m
 [90m 174 |[39m     
})[33m;[39m
 [90m 175 |[39m            
 setError(responseText 
[33m||[39m [32m`Failed to 
create account (Status: ${res
ponse.status})`[39m)[33m;[
39m
 [90m 176 |[39m            
 setLoading([36mfalse[39m)
[33m;[39m[0m

Unexpected token 
`showToast`. Expected ... , 
*,  (, [, :, , ?, =, an 
identifier, public, 
protected, private, 
readonly, <.

Import trace:
  Server Component:
    
./src/components/AuthForm.tsx
    ./src/app/(auth)/login/pa
ge.tsx


./src/components/DeleteAccoun
tButton.tsx:52:7
Parsing ecmascript source 
code failed
[0m [90m 50 |[39m         
console[33m.[39merror([32m
'Failed to parse response as 
JSON:'[39m[33m,[39m 
parseError)[33m;[39m
 [90m 51 |[39m         
[36mconst[39m errorMsg 
[33m=[39m responseText 
[33m||[39m [32m`Failed to 
delete account (Status: 
${response.status[39m
[31m[1m>[22m[39m[90m 52 
|[39m [32m      
showToast('Something went 
wrong. Please try again.', 
'error');[39m
 [90m    |[39m       [31m
[1m^[22m[39m[31m[1m^[22m
[39m[31m[1m^[22m[39m[31
m[1m^[22m[39m[31m[1m^[2
2m[39m[31m[1m^[22m[39m[
31m[1m^[22m[39m[31m[1m^
[22m[39m[31m[1m^[22m[39m
 [90m 53 |[39m [32m    
})`[39m[33m;[39m
 [90m 54 |[39m         
setError(errorMsg)[33m;[39m
 [90m 55 |[39m         setD
eleting([36mfalse[39m)[33m
;[39m[0m

Unexpected token 
`showToast`. Expected `}`

Import traces:
  Client Component Browser:
    ./src/components/DeleteAc
countButton.tsx [Client 
Component Browser]
    ./src/components/ProfileF
orm.tsx [Client Component 
Browser]
    ./src/app/(app)/complete-
profile/page.tsx [Client 
Component Browser]
    ./src/app/(app)/complete-
profile/page.tsx [Server 
Component]

  Client Component SSR:
    ./src/components/DeleteAc
countButton.tsx [Client 
Component SSR]
    ./src/components/ProfileF
orm.tsx [Client Component 
SSR]
    ./src/app/(app)/complete-
profile/page.tsx [Client 
Component SSR]
    ./src/app/(app)/complete-
profile/page.tsx [Server 
Component]


./src/lib/notifications.ts:59
:7
Parsing ecmascript source 
code failed
[0m [90m 57 |[39m         
console[33m.[39merror([32m
'sendEmail 
error:'[39m[33m,[39m 
err)[33m;[39m
 [90m 58 |[39m         
[36mreturn[39m { 
success[33m:[39m 
[36mfalse[39m[33m,[39m 
error[33m:[39m err 
[31m[1m>[22m[39m[90m 59 
|[39m       
showToast([32m'Something 
went wrong. Please try 
again.'[39m[33m,[39m 
[32m'error'[39m)[33m;[39m
 [90m    |[39m       [31m
[1m^[22m[39m[31m[1m^[22m
[39m[31m[1m^[22m[39m[31
m[1m^[22m[39m[31m[1m^[2
2m[39m[31m[1m^[22m[39m[
31m[1m^[22m[39m[31m[1m^
[22m[39m[31m[1m^[22m[39m
 [90m 60 |[39m     
}[33m;[39m
 [90m 61 |[39m     }
 [90m 62 |[39m }[0m

Expected ',', got 'showToast'

Import trace:
  App Route:
    
./src/lib/notifications.ts
    ./src/app/api/admin/inter
nships/[id]/approve/route.ts


    at <unknown> (./src/app/(
app)/complete-profile/page.ts
x:19:9)
    at <unknown> (./src/app/(
app)/internships/new/page.tsx
:38:11)
    at <unknown> (./src/app/(
app)/messages/page.tsx:48:9)
    at <unknown> (./src/app/(
app)/settings/page.tsx:42:9)
    at <unknown> (./src/app/a
pi/auth/delete-account/route.
ts:41:15)
    at <unknown> (./src/app/a
pi/collaborate/posts/route.ts
:78:17)
    at <unknown> (./src/app/a
pi/collaborate/request/route.
ts:15:17)
    at <unknown> (./src/app/a
pi/conversations/route.ts:15:
17)
    at <unknown> (./src/app/a
pi/internship-applications/ro
ute.ts:17:21)
    at <unknown> (./src/app/a
pi/internships/route.ts:163:2
1)
    at <unknown> (./src/app/a
pi/messages/route.ts:15:17)
    at <unknown> (./src/app/a
pi/notifications/mark-read/ro
ute.ts:14:21)
    at <unknown> (./src/app/a
pi/payments/create-order/rout
e.ts:18:17)
    at <unknown> (./src/app/a
pi/profile/route.ts:100:13)
    at <unknown> (./src/app/a
pi/profile/route.ts:349:15)
    at <unknown> (./src/app/a
pi/requests/route.ts:15:13)
    at <unknown> (./src/app/a
pi/requests/route.ts:108:13)
    at <unknown> (./src/app/a
pi/resume/route.ts:42:21)
    at <unknown> (./src/app/a
pi/resume/route.ts:114:21)
    at <unknown> (./src/app/a
pi/tasks/route.ts:108:13)
    at <unknown> (./src/app/a
pi/collaborate/requests/[id]/
route.ts:9:9)
    at <unknown> (./src/app/a
pi/conversations/[id]/message
s/route.ts:87:11)
    at <unknown> (./src/app/a
pi/conversations/[id]/route.t
s:7:11)
    at <unknown> (./src/app/a
pi/internship-applications/[i
d]/route.ts:11:9)
    at <unknown> (./src/app/a
pi/internships/[id]/applicant
s/[appId]/completion-letter/r
oute.ts:10:9)
    at <unknown> (./src/app/a
pi/internships/[id]/applicant
s/[appId]/offer-letter/route.
ts:12:9)
    at <unknown> (./src/app/a
pi/internships/[id]/applicant
s/[appId]/route.ts:12:9)
    at <unknown> (./src/app/a
pi/internships/[id]/route.ts:
117:9)
    at <unknown> (./src/app/a
pi/tasks/[id]/route.ts:95:9)
    at <unknown> (./src/compo
nents/AuthForm.tsx:173:7)
    at <unknown> (./src/compo
nents/DeleteAccountButton.tsx
:52:7)
    at <unknown> (./src/lib/n
otifications.ts:59:7)
