
> skillantra@0.1.0 build
> next build

node.exe : 
[baseline-browser-mapping] 
The data in this module is 
over two months old.  To 
ensure accurate Baseline 
data, please update: `npm i b
aseline-browser-mapping@lates
t -D`
At line:1 char:1
+ & "C:\Program 
Files\nodejs/node.exe" 
"C:\Program 
Files\nodejs/node_mo ...
+ ~~~~~~~~~~~~~~~~~~~~~~~~~~~
~~~~~~~~~~~~~~~~~~~~~~~~~~~~~
~~~~~~~~~~~~~
    + CategoryInfo           
   : NotSpecified: ([baseli  
  ne-brows...ping@latest -   
 D`:String) [], RemoteExc    
eption
    + FullyQualifiedErrorId  
   : NativeCommandError
 
   Γû▓ Next.js 16.0.10 (Turbopack)
   - Environments: .env.local

   Creating an optimized production build ...
[baseline-browser-mapping] 
The data in this module is 
over two months old.  To 
ensure accurate Baseline 
data, please update: `npm i b
aseline-browser-mapping@lates
t -D`

> Build error occurred
Error: Turbopack build 
failed with 3 errors:
./src/components/Sidebar.tsx:
22:1
Module not found: Can't 
resolve 'next-themes'
[0m [90m 20 |[39m } 
[36mfrom[39m [32m'lucide-r
eact'[39m[33m;[39m
 [90m 21 |[39m 
[36mimport[39m 
[33mSidebarButton[39m 
[36mfrom[39m [32m'./Sideba
rButton'[39m[33m;[39m
[31m[1m>[22m[39m[90m 22 
|[39m [36mimport[39m { 
useTheme } [36mfrom[39m [3
2m'next-themes'[39m[33m;[3
9m
 [90m    |[39m [31m[1m^[
22m[39m[31m[1m^[22m[39m
[31m[1m^[22m[39m[31m[1m^
[22m[39m[31m[1m^[22m[39
m[31m[1m^[22m[39m[31m[1
m^[22m[39m[31m[1m^[22m[
39m[31m[1m^[22m[39m[31m
[1m^[22m[39m[31m[1m^[22m
[39m[31m[1m^[22m[39m[31
m[1m^[22m[39m[31m[1m^[2
2m[39m[31m[1m^[22m[39m[
31m[1m^[22m[39m[31m[1m^
[22m[39m[31m[1m^[22m[39m
[31m[1m^[22m[39m[31m[1m
^[22m[39m[31m[1m^[22m[3
9m[31m[1m^[22m[39m[31m[
1m^[22m[39m[31m[1m^[22m
[39m[31m[1m^[22m[39m[31m
[1m^[22m[39m[31m[1m^[22
m[39m[31m[1m^[22m[39m[3
1m[1m^[22m[39m[31m[1m^[
22m[39m[31m[1m^[22m[39m
[31m[1m^[22m[39m[31m[1m^
[22m[39m[31m[1m^[22m[39
m[31m[1m^[22m[39m[31m[1
m^[22m[39m[31m[1m^[22m[
39m[31m[1m^[22m[39m[31m
[1m^[22m[39m
 [90m 23 |[39m 
[36mimport[39m { 
[33mSwitch[39m } 
[36mfrom[39m [32m'@/compon
ents/ui/switch'[39m[33m;[3
9m
 [90m 24 |[39m
 [90m 25 |[39m 
[36minterface[39m 
[33mSidebarProps[39m {[0m



Import traces:
  Client Component Browser:
    
./src/components/Sidebar.tsx 
[Client Component Browser]
    
./src/app/(app)/layout.tsx 
[Client Component Browser]
    
./src/app/(app)/layout.tsx 
[Server Component]

  Client Component SSR:
    
./src/components/Sidebar.tsx 
[Client Component SSR]
    
./src/app/(app)/layout.tsx 
[Client Component SSR]
    
./src/app/(app)/layout.tsx 
[Server Component]

https://nextjs.org/docs/messa
ges/module-not-found


./src/components/ui/switch.ts
x:6:1
Export cn doesn't exist in 
target module
[0m [90m 4 |[39m 
[36mimport[39m [33m*[39m 
[36mas[39m 
[33mSwitchPrimitives[39m 
[36mfrom[39m [32m"@radix-u
i/react-switch"[39m
 [90m 5 |[39m
[31m[1m>[22m[39m[90m 6 
|[39m [36mimport[39m { cn 
} [36mfrom[39m 
[32m"@/lib/utils"[39m
 [90m   |[39m [31m[1m^[2
2m[39m[31m[1m^[22m[39m[
31m[1m^[22m[39m[31m[1m^
[22m[39m[31m[1m^[22m[39m
[31m[1m^[22m[39m[31m[1m
^[22m[39m[31m[1m^[22m[3
9m[31m[1m^[22m[39m[31m[
1m^[22m[39m[31m[1m^[22m
[39m[31m[1m^[22m[39m[31m
[1m^[22m[39m[31m[1m^[22
m[39m[31m[1m^[22m[39m[3
1m[1m^[22m[39m[31m[1m^[
22m[39m[31m[1m^[22m[39m
[31m[1m^[22m[39m[31m[1m^
[22m[39m[31m[1m^[22m[39
m[31m[1m^[22m[39m[31m[1
m^[22m[39m[31m[1m^[22m[
39m[31m[1m^[22m[39m[31m
[1m^[22m[39m[31m[1m^[22m
[39m[31m[1m^[22m[39m[31
m[1m^[22m[39m[31m[1m^[2
2m[39m[31m[1m^[22m[39m[
31m[1m^[22m[39m
 [90m 7 |[39m
 [90m 8 |[39m 
[36mconst[39m 
[33mSwitch[39m [33m=[39m 
[33mReact[39m[33m.[39mfor
wardRef[33m<[39m
 [90m 9 |[39m   [33mReact
[39m[33m.[39m[33mElementRe
f[39m[33m<[39m[36mtypeof
[39m [33mSwitchPrimitives[3
9m[33m.[39m[33mRoot[39m[
33m>[39m[33m,[39m[0m

The export cn was not found 
in module 
[project]/src/lib/utils.ts 
[app-client] (ecmascript).
Did you mean to import 
parseSkills?
All exports of the module 
are statically known (It 
doesn't have dynamic 
exports). So it's known 
statically that the 
requested export doesn't 
exist.

Import traces:
  Client Component Browser:
    ./src/components/ui/switc
h.tsx [Client Component 
Browser]
    
./src/components/Sidebar.tsx 
[Client Component Browser]
    
./src/app/(app)/layout.tsx 
[Client Component Browser]
    
./src/app/(app)/layout.tsx 
[Server Component]

  Client Component SSR:
    ./src/components/ui/switc
h.tsx [Client Component SSR]
    
./src/components/Sidebar.tsx 
[Client Component SSR]
    
./src/app/(app)/layout.tsx 
[Client Component SSR]
    
./src/app/(app)/layout.tsx 
[Server Component]


./src/components/ui/switch.ts
x:6:1
Export cn doesn't exist in 
target module
[0m [90m 4 |[39m 
[36mimport[39m [33m*[39m 
[36mas[39m 
[33mSwitchPrimitives[39m 
[36mfrom[39m [32m"@radix-u
i/react-switch"[39m
 [90m 5 |[39m
[31m[1m>[22m[39m[90m 6 
|[39m [36mimport[39m { cn 
} [36mfrom[39m 
[32m"@/lib/utils"[39m
 [90m   |[39m [31m[1m^[2
2m[39m[31m[1m^[22m[39m[
31m[1m^[22m[39m[31m[1m^
[22m[39m[31m[1m^[22m[39m
[31m[1m^[22m[39m[31m[1m
^[22m[39m[31m[1m^[22m[3
9m[31m[1m^[22m[39m[31m[
1m^[22m[39m[31m[1m^[22m
[39m[31m[1m^[22m[39m[31m
[1m^[22m[39m[31m[1m^[22
m[39m[31m[1m^[22m[39m[3
1m[1m^[22m[39m[31m[1m^[
22m[39m[31m[1m^[22m[39m
[31m[1m^[22m[39m[31m[1m^
[22m[39m[31m[1m^[22m[39
m[31m[1m^[22m[39m[31m[1
m^[22m[39m[31m[1m^[22m[
39m[31m[1m^[22m[39m[31m
[1m^[22m[39m[31m[1m^[22m
[39m[31m[1m^[22m[39m[31
m[1m^[22m[39m[31m[1m^[2
2m[39m[31m[1m^[22m[39m[
31m[1m^[22m[39m
 [90m 7 |[39m
 [90m 8 |[39m 
[36mconst[39m 
[33mSwitch[39m [33m=[39m 
[33mReact[39m[33m.[39mfor
wardRef[33m<[39m
 [90m 9 |[39m   [33mReact
[39m[33m.[39m[33mElementRe
f[39m[33m<[39m[36mtypeof
[39m [33mSwitchPrimitives[3
9m[33m.[39m[33mRoot[39m[
33m>[39m[33m,[39m[0m

The export cn was not found 
in module 
[project]/src/lib/utils.ts 
[app-ssr] (ecmascript).
Did you mean to import 
parseSkills?
All exports of the module 
are statically known (It 
doesn't have dynamic 
exports). So it's known 
statically that the 
requested export doesn't 
exist.

Import traces:
  Client Component Browser:
    ./src/components/ui/switc
h.tsx [Client Component 
Browser]
    
./src/components/Sidebar.tsx 
[Client Component Browser]
    
./src/app/(app)/layout.tsx 
[Client Component Browser]
    
./src/app/(app)/layout.tsx 
[Server Component]

  Client Component SSR:
    ./src/components/ui/switc
h.tsx [Client Component SSR]
    
./src/components/Sidebar.tsx 
[Client Component SSR]
    
./src/app/(app)/layout.tsx 
[Client Component SSR]
    
./src/app/(app)/layout.tsx 
[Server Component]


    at <unknown> (./src/compo
nents/Sidebar.tsx:22:1)
    at <unknown> (https://nex
tjs.org/docs/messages/module-
not-found)
    at <unknown> (./src/compo
nents/ui/switch.tsx:6:1)
    at <unknown> (./src/compo
nents/ui/switch.tsx:6:1)
