src/components/AuthForm.tsx(173,7): error TS1005: ',' expected.
src/components/AuthForm.tsx(173,17): error TS1003: Identifier expected.
src/components/AuthForm.tsx(173,58): error TS1138: Parameter declaration expected.
src/components/AuthForm.tsx(173,60): error TS1003: Identifier expected.
src/components/AuthForm.tsx(319,6): error TS17008: JSX element 'div' has no corresponding closing tag.
src/components/AuthForm.tsx(672,1): error TS1381: Unexpected token. Did you mean `{'}'}` or `&rbrace;`?
src/components/AuthForm.tsx(673,1): error TS1005: '</' expected.
src/lib/notifications.ts(59,7): error TS1005: ',' expected.
src/lib/notifications.ts(59,17): error TS1003: Identifier expected.
src/lib/notifications.ts(59,58): error TS1138: Parameter declaration expected.
src/lib/notifications.ts(59,60): error TS1003: Identifier expected.
